// Vitest Snapshot v1, https://vitest.dev/guide/snapshot.html

exports[`describe_current_state > matches a stable snapshot of the empty board 1`] = `
{
  "board": {
    "grid": {
      "cols": 12,
      "rowHeightPx": 40,
    },
    "theme": {
      "density": "comfortable",
      "mode": "light",
      "name": "neutral",
    },
    "title": "Untitled workspace",
    "widgetCount": 0,
  },
  "humanEditsSinceLastDescribe": 0,
  "mintedTools": [],
  "ok": true,
  "recentActivity": [],
  "stateVersion": 0,
  "unfinished": [],
  "widgets": [],
}
`;
